Test run for /home/gdc/Downloads/EstructurasRD-engine/tests/LosasPlus.Tests/bin/Debug/net8.0/LosasPlus.Tests.dll (.NETCoreApp,Version=v8.0)
VSTest version 17.11.1 (x64)

Starting test execution, please wait...
A total of 1 test files matched the specified pattern.

Passed!  - Failed:     0, Passed:  1111, Skipped:     0, Total:  1111, Duration: 10 s - LosasPlus.Tests.dll (net8.0)
